[  271116ms] [LOG] [Fast Refresh] rebuilding @ http://localhost:3001/_next/static/chunks/node_modules_next_dist_1ybzpk2._.js:2477
[  272082ms] [LOG] [HMR] connected @ http://localhost:3001/_next/static/chunks/node_modules_next_dist_1ybzpk2._.js:2477
[  302641ms] [ERROR] Failed to load resource: net::ERR_EMPTY_RESPONSE @ http://localhost:3001/_next/image?url=%2Fpages%2Fprojects%2Fhero-photos%2FIMG_0742_VSCO.png&w=640&q=75:0
[  302641ms] [ERROR] Failed to load resource: net::ERR_EMPTY_RESPONSE @ http://localhost:3001/_next/image?url=%2Fpages%2Fprojects%2Fhero-photos%2FIMG_2012.png&w=640&q=75:0
[  302641ms] [ERROR] Failed to load resource: net::ERR_EMPTY_RESPONSE @ http://localhost:3001/_next/image?url=%2Fpages%2Fprojects%2Fhero-photos%2FIMG_9109_VSCO.png&w=640&q=75:0
[  302641ms] [ERROR] Failed to load resource: net::ERR_EMPTY_RESPONSE @ http://localhost:3001/_next/image?url=%2Fpages%2Fprojects%2Fhero-photos%2FIMG_2567.png&w=640&q=75:0
[  302641ms] [ERROR] Failed to load resource: net::ERR_EMPTY_RESPONSE @ http://localhost:3001/_next/static/chunks/%5Broot-of-the-server%5D__0x81tli._.css:0
[  302641ms] [ERROR] Failed to load resource: net::ERR_INCOMPLETE_CHUNKED_ENCODING @ http://localhost:3001/en/projects:0
[  302665ms] [ERROR] Failed to load resource: net::ERR_CONNECTION_REFUSED @ http://localhost:3001/_next/image?url=%2Fpages%2Fprojects%2Fhero-photos%2FIMG_0621.png&w=640&q=75:0
[  302665ms] [ERROR] Failed to load resource: net::ERR_CONNECTION_REFUSED @ http://localhost:3001/_next/static/chunks/%5Bturbopack%5D_browser_dev_hmr-client_hmr-client_ts_1bj935a._.js:0
[  302665ms] [ERROR] Failed to load resource: net::ERR_CONNECTION_REFUSED @ http://localhost:3001/_next/static/chunks/01cy_next_dist_compiled_next-devtools_index_1qu3p06.js:0
[  302665ms] [ERROR] Failed to load resource: net::ERR_CONNECTION_REFUSED @ http://localhost:3001/_next/static/chunks/01cy_next_dist_compiled_react-dom_0uedprv._.js:0
[  302665ms] [ERROR] Failed to load resource: net::ERR_CONNECTION_REFUSED @ http://localhost:3001/_next/static/chunks/01cy_next_dist_compiled_react-server-dom-turbopack_1d7tqth._.js:0
[  302665ms] [ERROR] Failed to load resource: net::ERR_CONNECTION_REFUSED @ http://localhost:3001/_next/static/chunks/01cy_next_dist_compiled_129w2_i._.js:0
[  302665ms] [ERROR] Failed to load resource: net::ERR_CONNECTION_REFUSED @ http://localhost:3001/_next/static/chunks/01cy_next_dist_client_0b2mt5s._.js:0
[  302665ms] [ERROR] Failed to load resource: net::ERR_CONNECTION_REFUSED @ http://localhost:3001/_next/static/chunks/01cy_next_dist_1iq7eoy._.js:0
[  302665ms] [ERROR] Failed to load resource: net::ERR_CONNECTION_REFUSED @ http://localhost:3001/_next/static/chunks/01cy_%40swc_helpers_cjs_0nwsf-b._.js:0
[  302665ms] [ERROR] Failed to load resource: net::ERR_CONNECTION_REFUSED @ http://localhost:3001/_next/static/chunks/vale-portfolio_1anvha4._.js:0
[  302665ms] [ERROR] Failed to load resource: net::ERR_CONNECTION_REFUSED @ http://localhost:3001/_next/static/chunks/turbopack-vale-portfolio_1880ipm._.js:0
[  302665ms] [ERROR] Failed to load resource: net::ERR_CONNECTION_REFUSED @ http://localhost:3001/_next/static/chunks/01cy_next_dist_129ttbw._.js:0
[  302665ms] [ERROR] Failed to load resource: net::ERR_CONNECTION_REFUSED @ http://localhost:3001/_next/static/chunks/vale-portfolio_src_app_not-found_tsx_1fasp3s._.js:0
[  302665ms] [ERROR] Failed to load resource: net::ERR_CONNECTION_REFUSED @ http://localhost:3001/_next/static/chunks/01cy_next_dist_client_components_builtin_global-error_1fasp3s.js:0
[  302665ms] [ERROR] Failed to load resource: net::ERR_CONNECTION_REFUSED @ http://localhost:3001/_next/static/chunks/01cy_agentation_dist_index_mjs_1fqs4bc._.js:0
[  302665ms] [ERROR] Failed to load resource: net::ERR_CONNECTION_REFUSED @ http://localhost:3001/_next/static/chunks/01cy_20t_fqg._.js:0
[  302665ms] [ERROR] Failed to load resource: net::ERR_CONNECTION_REFUSED @ http://localhost:3001/_next/static/chunks/vale-portfolio_src_app_%5Blocale%5D_layout_tsx_1fasp3s._.js:0
[  302665ms] [ERROR] Failed to load resource: net::ERR_CONNECTION_REFUSED @ http://localhost:3001/_next/static/chunks/01cy_09nbzhh._.js:0
[  302665ms] [ERROR] Failed to load resource: net::ERR_CONNECTION_REFUSED @ http://localhost:3001/_next/static/chunks/vale-portfolio_src_180njwr._.js:0
[  302665ms] [ERROR] Failed to load resource: net::ERR_CONNECTION_REFUSED @ http://localhost:3001/_next/static/chunks/vale-portfolio_src_app_%5Blocale%5D_projects_page_tsx_10igf3d._.js:0
[  302667ms] [ERROR] Failed to load resource: net::ERR_CONNECTION_REFUSED @ http://localhost:3001/_next/image?url=%2Fwork%2Fn9ne%2Fnobled-coffee%2FIMG_3839.png&w=750&q=75:0
[  302667ms] [ERROR] Failed to load resource: net::ERR_CONNECTION_REFUSED @ http://localhost:3001/_next/image?url=%2Fwork%2Ftravelling-university%2Fmentes-sin-fronteras%2F2.%2520Overview%2520%252B%2520Vision.png&w=750&q=75:0
[  302667ms] [ERROR] Failed to load resource: net::ERR_CONNECTION_REFUSED @ http://localhost:3001/_next/image?url=%2Fwork%2Findependent%2Fopuesto-sas%2FGroup%25202412.png&w=750&q=75:0
[  302667ms] [ERROR] Failed to load resource: net::ERR_CONNECTION_REFUSED @ http://localhost:3001/_next/image?url=%2Fwork%2Fglobal-youth-summit%2F_MG_3552.png&w=750&q=75:0
[  302667ms] [ERROR] Failed to load resource: net::ERR_CONNECTION_REFUSED @ http://localhost:3001/_next/image?url=%2Fwork%2Fjal-nomadher%2FBanner.png&w=750&q=75:0
[  302667ms] [ERROR] Failed to load resource: net::ERR_CONNECTION_REFUSED @ http://localhost:3001/_next/image?url=%2Fwork%2Fglobal-youth-summit%2F_MG_3552.png&w=640&q=75:0
[  302667ms] [ERROR] Failed to load resource: net::ERR_CONNECTION_REFUSED @ http://localhost:3001/_next/image?url=%2Fwork%2Fmisiones-internacionales%2FIMG_9755.png&w=640&q=75:0
[  302667ms] [ERROR] Failed to load resource: net::ERR_CONNECTION_REFUSED @ http://localhost:3001/_next/image?url=%2Fwork%2Fsejong-hackathon%2FIMG_3845.png&w=640&q=75:0
[  302667ms] [ERROR] Failed to load resource: net::ERR_CONNECTION_REFUSED @ http://localhost:3001/_next/image?url=%2Fwork%2Fjal-nomadher%2FBanner.png&w=640&q=75:0
[  302667ms] [ERROR] Failed to load resource: net::ERR_CONNECTION_REFUSED @ http://localhost:3001/shared/carry-on/camara.svg:0
[  302667ms] [ERROR] Failed to load resource: net::ERR_CONNECTION_REFUSED @ http://localhost:3001/_next/image?url=%2Fshared%2Fportraits%2FVal.png&w=640&q=75:0
